// Jest Snapshot v1, https://goo.gl/fbAQLP

exports[`Ingredients Component FAILED renders and create snapshot <Ingredients /> 1`] = `
<Ingredients
  date="2020-12-25"
  dateRecipes="2020-01-12"
  isRecipes={false}
  onClickIngredient={[Function]}
  title="Cooking"
>
  <styled.a
    className="ingredients"
    isDisabled={false}
    isRecipes={false}
    onClick={[Function]}
    test_id="ingredients"
  >
    <a
      className="sc-AxjAm jIXtAR ingredients"
      onClick={[Function]}
    >
      <div
        className="ingredients--box"
      >
        <div
          className="ingredients__text"
          test_id="text-ingredients-top"
        >
          <div
            className="ingredients__caption"
          >
            Title
          </div>
          <div
            className="ingredients__title"
          >
            Cooking
          </div>
        </div>
        <div
          className="ingredients__text"
          test_id="text-ingredients-bottom"
        >
          <div
            className="ingredients__caption"
          >
            Use By
          </div>
          <div
            className="ingredients__date "
          >
            2020-12-25
             
          </div>
        </div>
      </div>
    </a>
  </styled.a>
</Ingredients>
`;

exports[`Ingredients Component SUCCESS renders and create snapshot  <Ingredients /> 1`] = `
<Ingredients
  date="2020-12-25"
  dateRecipes="2020-01-12"
  isRecipes={false}
  onClickIngredient={[Function]}
  title="Cooking"
>
  <styled.a
    className="ingredients"
    isDisabled={false}
    isRecipes={false}
    onClick={[Function]}
    test_id="ingredients"
  >
    <a
      className="sc-AxjAm jIXtAR ingredients"
      onClick={[Function]}
    >
      <div
        className="ingredients--box"
      >
        <div
          className="ingredients__text"
          test_id="text-ingredients-top"
        >
          <div
            className="ingredients__caption"
          >
            Title
          </div>
          <div
            className="ingredients__title"
          >
            Cooking
          </div>
        </div>
        <div
          className="ingredients__text"
          test_id="text-ingredients-bottom"
        >
          <div
            className="ingredients__caption"
          >
            Use By
          </div>
          <div
            className="ingredients__date "
          >
            2020-12-25
             
          </div>
        </div>
      </div>
    </a>
  </styled.a>
</Ingredients>
`;

exports[`Ingredients Component SUCCESS renders and create snapshot  <Ingredients /> 2`] = `
<Ingredients
  date="2020-12-25"
  dateRecipes="2020-01-12"
  isRecipes={false}
  onClickIngredient={[Function]}
  title="Cooking"
>
  <styled.a
    className="ingredients"
    isDisabled={false}
    isRecipes={false}
    onClick={[Function]}
    test_id="ingredients"
  >
    <a
      className="sc-AxjAm jIXtAR ingredients"
      onClick={[Function]}
    >
      <div
        className="ingredients--box"
      >
        <div
          className="ingredients__text"
          test_id="text-ingredients-top"
        >
          <div
            className="ingredients__caption"
          >
            Title
          </div>
          <div
            className="ingredients__title"
          >
            Cooking
          </div>
        </div>
        <div
          className="ingredients__text"
          test_id="text-ingredients-bottom"
        >
          <div
            className="ingredients__caption"
          >
            Use By
          </div>
          <div
            className="ingredients__date "
          >
            2020-12-25
             
          </div>
        </div>
      </div>
    </a>
  </styled.a>
</Ingredients>
`;

exports[`Ingredients Component SUCCESS renders loading and create snapshot  <IngredientsLoading /> 1`] = `
<IngredientsLoading
  isRecipes={true}
>
  <styled.a
    className="ingredients"
    isRecipes={true}
    test_id="ingredients_loading"
  >
    <a
      className="sc-AxjAm bWjhib ingredients"
    >
      <div
        className="ingredients--box"
      >
        <div
          className="ingredients__text"
        >
          <div
            className="ingredients__caption"
          >
            <Skeleton
              height="10px"
              marginBottom="7px"
              width="80px"
            >
              <styled.div
                as="div"
                circle={false}
                height="10px"
                marginBottom="7px"
                style={Object {}}
                width="80px"
              >
                <div
                  className="sc-AxirZ fokiBL"
                  height="10px"
                  style={Object {}}
                  width="80px"
                />
              </styled.div>
            </Skeleton>
          </div>
          <div
            className="ingredients__title"
          >
            <Skeleton
              height="12px"
              marginBottom="7px"
              width="70%"
            >
              <styled.div
                as="div"
                circle={false}
                height="12px"
                marginBottom="7px"
                style={Object {}}
                width="70%"
              >
                <div
                  className="sc-AxirZ beingz"
                  height="12px"
                  style={Object {}}
                  width="70%"
                />
              </styled.div>
            </Skeleton>
          </div>
        </div>
      </div>
    </a>
  </styled.a>
</IngredientsLoading>
`;

exports[`Ingredients Component SUCCESS renders style and create snapshot  <StyleIngredients /> 1`] = `
<styled.a>
  <a
    className="sc-AxjAm jIXtAR"
  />
</styled.a>
`;
